INVALID_PARAM_TYPE
INVALID_PARAM_TYPE
INVALID_PARAM_TYPE
INVALID_PARAM_TYPE
INVALID_PARAM_TYPE
INVALID_PARAM_TYPE
INVALID_PARAM_TYPE
INVALID_PARAM_TYPE
INVALID_PARAM_TYPE
INVALID_PARAM_TYPE
INVALID_PARAM_TYPE
INVALID_PARAM_TYPE
INVALID_PARAM_TYPE
INVALID_PARAM_TYPE
INVALID_PARAM_TYPE
INVALID_PARAM_TYPE
INVALID_PARAM_TYPE
INVALID_PARAM_COUNT
INVALID_PARAM_COUNT
UNDECLARED_METHOD
INVALID_PARAM_TYPE
INVALID_ASSIGNMENT
CALL_ON_NON_CLASS
CALL_ON_NON_CLASS
CALL_ON_NON_CLASS
