INVALID_RETURN_TYPE
INVALID_RETURN_TYPE
INVALID_RETURN_TYPE
INVALID_RETURN_TYPE
INVALID_RETURN_TYPE
INVALID_RETURN_TYPE
INVALID_RETURN_TYPE
INVALID_RETURN_TYPE
INVALID_RETURN_TYPE
INVALID_RETURN_TYPE
INVALID_RETURN_TYPE
INVALID_RETURN_TYPE
INVALID_RETURN_TYPE
INVALID_RETURN_TYPE
INVALID_RETURN_TYPE
INVALID_RETURN_TYPE
