INVALID_EQ_COMPARISON
INVALID_EQ_COMPARISON
INVALID_EQ_COMPARISON
INVALID_EQ_COMPARISON
INVALID_EQ_COMPARISON
INVALID_EQ_COMPARISON
INVALID_EQ_COMPARISON
INVALID_EQ_COMPARISON
INVALID_EQ_COMPARISON
INVALID_EQ_COMPARISON
INVALID_EQ_COMPARISON
INVALID_EQ_COMPARISON
INVALID_EQ_COMPARISON
INVALID_EQ_COMPARISON
INVALID_EQ_COMPARISON
INVALID_EQ_COMPARISON
INVALID_EQ_COMPARISON
INVALID_EQ_COMPARISON
INVALID_EQ_COMPARISON
INVALID_EQ_COMPARISON
INVALID_EQ_COMPARISON
INVALID_EQ_COMPARISON
INVALID_EQ_COMPARISON
INVALID_EQ_COMPARISON
INVALID_EQ_COMPARISON
INVALID_EQ_COMPARISON
INVALID_EQ_COMPARISON
INVALID_EQ_COMPARISON
INVALID_EQ_COMPARISON
